
> frontend@0.1.0 build
> react-scripts build

node.exe : (node:4484) [DEP0176] DeprecationWarning: 
fs.F_OK is deprecated, use fs.constants.F_OK instead
At line:1 char:1
+ & "C:\Program Files\nodejs/node.exe" "C:\Program 
Files\nodejs/node_mo ...
+ ~~~~~~~~~~~~~~~~~~~~~~~~~~~~~~~~~~~~~~~~~~~~~~~~~~~~~~
~~~~~~~~~~~~~~~
    + CategoryInfo          : NotSpecified: ((node:4484 
   ) [DE...ts.F_OK instead:String) [], RemoteException
    + FullyQualifiedErrorId : NativeCommandError
 
(Use `node --trace-deprecation ...` to show where the 
warning was created)
Creating an optimized production build...
Failed to compile.

Module not found: Error: "." is not exported under the conditions ["import","module","webpack","production","browser"] from package D:\Testing\web-gis-dashboard\frontend\node_modules\react-map-gl (see exports field in D:\Testing\web-gis-dashboard\frontend\node_modules\react-map-gl\package.json)


